interactions:
- request:
    body: null
    headers:
      Accept: [application/json;version=2]
      Accept-Encoding: ['gzip, deflate']
      Connection: [keep-alive]
      User-Agent: ['apypie (https://github.com/Apipie/apypie)']
    method: GET
    uri: https://foreman.example.com/api/status
  response:
    body: {string: '{"result":"ok","status":200,"version":"1.25.0-develop","api_version":2}'}
    headers:
      Cache-Control: ['max-age=0, private, must-revalidate']
      Connection: [Keep-Alive]
      Content-Security-Policy: ['default-src ''self''; child-src ''self''; connect-src
          ''self'' ws: wss:; img-src ''self'' data: *.gravatar.com; script-src ''unsafe-eval''
          ''unsafe-inline'' ''self''; style-src ''unsafe-inline'' ''self''']
      Content-Type: [application/json; charset=utf-8]
      Date: ['Sun, 03 Nov 2019 21:10:16 GMT']
      ETag: [W/"557e0fd7e4a7e8a98a13de495e96f89e-gzip"]
      Foreman_api_version: ['2']
      Foreman_current_location: [; ANY]
      Foreman_current_organization: [; ANY]
      Foreman_version: [1.25.0-develop]
      Keep-Alive: ['timeout=5, max=100']
      Server: [Apache]
      Set-Cookie: [_session_id=976ef8ee817e63658415e8de78f12542; path=/; secure; HttpOnly;
          SameSite=Lax]
      Status: [200 OK]
      Strict-Transport-Security: [max-age=631139040; includeSubdomains]
      Vary: [Accept-Encoding]
      X-Content-Type-Options: [nosniff]
      X-Download-Options: [noopen]
      X-Frame-Options: [sameorigin]
      X-Permitted-Cross-Domain-Policies: [none]
      X-Powered-By: [Phusion Passenger 4.0.53]
      X-Request-Id: [dfba03ac-c2d3-4aae-9d29-26f1b4294fed]
      X-Runtime: ['0.143077']
      X-XSS-Protection: [1; mode=block]
      content-length: ['71']
    status: {code: 200, message: OK}
- request:
    body: null
    headers:
      Accept: [application/json;version=2]
      Accept-Encoding: ['gzip, deflate']
      Connection: [keep-alive]
      Cookie: [_session_id=976ef8ee817e63658415e8de78f12542]
      User-Agent: ['apypie (https://github.com/Apipie/apypie)']
    method: GET
    uri: https://foreman.example.com/api/hosts?thin=False&search=name%3D%22test-host.example.net%22&per_page=4294967296
  response:
    body: {string: "{\n  \"total\": 2,\n  \"subtotal\": 1,\n  \"page\": 1,\n  \"per_page\":
        4294967296,\n  \"search\": \"name=\\\"test-host.example.net\\\"\",\n  \"sort\":
        {\n    \"by\": null,\n    \"order\": null\n  },\n  \"results\": [{\"id\":6,\"name\":\"test-host.example.net\"}]\n}\n"}
    headers:
      Cache-Control: ['max-age=0, private, must-revalidate']
      Connection: [Keep-Alive]
      Content-Security-Policy: ['default-src ''self''; child-src ''self''; connect-src
          ''self'' ws: wss:; img-src ''self'' data: *.gravatar.com; script-src ''unsafe-eval''
          ''unsafe-inline'' ''self''; style-src ''unsafe-inline'' ''self''']
      Content-Type: [application/json; charset=utf-8]
      Date: ['Sun, 03 Nov 2019 21:10:17 GMT']
      ETag: [W/"600ec81035c909562b2e1e081e4d90e9-gzip"]
      Foreman_api_version: ['2']
      Foreman_current_location: [; ANY]
      Foreman_current_organization: [; ANY]
      Foreman_version: [1.25.0-develop]
      Keep-Alive: ['timeout=5, max=99']
      Server: [Apache]
      Status: [200 OK]
      Strict-Transport-Security: [max-age=631139040; includeSubdomains]
      Vary: [Accept-Encoding]
      X-Content-Type-Options: [nosniff]
      X-Download-Options: [noopen]
      X-Frame-Options: [sameorigin]
      X-Permitted-Cross-Domain-Policies: [none]
      X-Powered-By: [Phusion Passenger 4.0.53]
      X-Request-Id: [919cafd9-206c-469a-a6aa-cac7f20b7654]
      X-Runtime: ['0.021905']
      X-XSS-Protection: [1; mode=block]
      content-length: ['226']
    status: {code: 200, message: OK}
- request:
    body: null
    headers:
      Accept: [application/json;version=2]
      Accept-Encoding: ['gzip, deflate']
      Connection: [keep-alive]
      Cookie: [_session_id=976ef8ee817e63658415e8de78f12542]
      User-Agent: ['apypie (https://github.com/Apipie/apypie)']
    method: GET
    uri: https://foreman.example.com/api/hosts/6
  response:
    body: {string: '{"ip":null,"ip6":null,"environment_id":null,"environment_name":null,"last_report":null,"mac":null,"realm_id":null,"realm_name":null,"sp_mac":null,"sp_ip":null,"sp_name":null,"domain_id":2,"domain_name":"example.net","architecture_id":null,"architecture_name":null,"operatingsystem_id":null,"operatingsystem_name":null,"subnet_id":null,"subnet_name":null,"subnet6_id":null,"subnet6_name":null,"sp_subnet_id":null,"ptable_id":null,"ptable_name":null,"medium_id":null,"medium_name":null,"pxe_loader":null,"build":false,"comment":null,"disk":null,"installed_at":null,"model_id":null,"hostgroup_id":null,"owner_id":4,"owner_name":"Admin
        User","owner_type":"User","enabled":true,"managed":false,"use_image":null,"image_file":"","uuid":null,"compute_resource_id":null,"compute_resource_name":null,"compute_profile_id":null,"compute_profile_name":null,"capabilities":["build"],"provision_method":"build","certname":"test-host.example.net","image_id":null,"image_name":null,"created_at":"2019-11-03
        21:10:16 UTC","updated_at":"2019-11-03 21:10:16 UTC","last_compile":null,"global_status":0,"global_status_label":"OK","uptime_seconds":null,"organization_id":18,"organization_name":"Test
        Organization","location_id":19,"location_name":"Test Location","puppet_status":0,"model_name":null,"name":"test-host.example.net","id":6,"puppet_proxy_id":null,"puppet_proxy_name":null,"puppet_ca_proxy_id":null,"puppet_ca_proxy_name":null,"puppet_proxy":null,"puppet_ca_proxy":null,"hostgroup_name":null,"hostgroup_title":null,"parameters":[],"all_parameters":[],"interfaces":[{"subnet_id":null,"subnet_name":null,"subnet6_id":null,"subnet6_name":null,"domain_id":2,"domain_name":"example.net","created_at":"2019-11-03
        21:10:16 UTC","updated_at":"2019-11-03 21:10:16 UTC","managed":true,"identifier":null,"id":6,"name":"test-host.example.net","ip":null,"ip6":null,"mac":null,"mtu":null,"fqdn":"test-host.example.net","primary":true,"provision":true,"type":"interface","virtual":false}],"puppetclasses":[],"config_groups":[],"all_puppetclasses":[],"permissions":{"view_hosts":true,"create_hosts":true,"edit_hosts":true,"destroy_hosts":true,"build_hosts":true,"power_hosts":true,"console_hosts":true,"ipmi_boot_hosts":true,"puppetrun_hosts":true}}'}
    headers:
      Cache-Control: ['max-age=0, private, must-revalidate']
      Connection: [Keep-Alive]
      Content-Security-Policy: ['default-src ''self''; child-src ''self''; connect-src
          ''self'' ws: wss:; img-src ''self'' data: *.gravatar.com; script-src ''unsafe-eval''
          ''unsafe-inline'' ''self''; style-src ''unsafe-inline'' ''self''']
      Content-Type: [application/json; charset=utf-8]
      Date: ['Sun, 03 Nov 2019 21:10:17 GMT']
      ETag: [W/"6cf50c13709510a87e9e22ab2213b6e3-gzip"]
      Foreman_api_version: ['2']
      Foreman_current_location: [; ANY]
      Foreman_current_organization: [; ANY]
      Foreman_version: [1.25.0-develop]
      Keep-Alive: ['timeout=5, max=98']
      Server: [Apache]
      Status: [200 OK]
      Strict-Transport-Security: [max-age=631139040; includeSubdomains]
      Vary: [Accept-Encoding]
      X-Content-Type-Options: [nosniff]
      X-Download-Options: [noopen]
      X-Frame-Options: [sameorigin]
      X-Permitted-Cross-Domain-Policies: [none]
      X-Powered-By: [Phusion Passenger 4.0.53]
      X-Request-Id: [a0eedfac-3dc2-4c81-8bb0-eafd34da4c62]
      X-Runtime: ['0.067828']
      X-XSS-Protection: [1; mode=block]
      content-length: ['2222']
    status: {code: 200, message: OK}
- request:
    body: null
    headers:
      Accept: [application/json;version=2]
      Accept-Encoding: ['gzip, deflate']
      Connection: [keep-alive]
      Cookie: [_session_id=976ef8ee817e63658415e8de78f12542]
      User-Agent: ['apypie (https://github.com/Apipie/apypie)']
    method: GET
    uri: https://foreman.example.com/api/locations?thin=True&search=title%3D%22Test+Location%22&per_page=4294967296
  response:
    body: {string: "{\n  \"total\": 5,\n  \"subtotal\": 1,\n  \"page\": 1,\n  \"per_page\":
        4294967296,\n  \"search\": \"title=\\\"Test Location\\\"\",\n  \"sort\": {\n
        \   \"by\": null,\n    \"order\": null\n  },\n  \"results\": [{\"ancestry\":null,\"parent_id\":null,\"parent_name\":null,\"created_at\":\"2019-11-03
        21:10:11 UTC\",\"updated_at\":\"2019-11-03 21:10:11 UTC\",\"id\":19,\"name\":\"Test
        Location\",\"title\":\"Test Location\",\"description\":null}]\n}\n"}
    headers:
      Cache-Control: ['max-age=0, private, must-revalidate']
      Connection: [Keep-Alive]
      Content-Security-Policy: ['default-src ''self''; child-src ''self''; connect-src
          ''self'' ws: wss:; img-src ''self'' data: *.gravatar.com; script-src ''unsafe-eval''
          ''unsafe-inline'' ''self''; style-src ''unsafe-inline'' ''self''']
      Content-Type: [application/json; charset=utf-8]
      Date: ['Sun, 03 Nov 2019 21:10:17 GMT']
      ETag: [W/"5bc7e3b40a7a8542639fd383269c8578-gzip"]
      Foreman_api_version: ['2']
      Foreman_current_location: [; ANY]
      Foreman_current_organization: [; ANY]
      Foreman_version: [1.25.0-develop]
      Keep-Alive: ['timeout=5, max=97']
      Server: [Apache]
      Status: [200 OK]
      Strict-Transport-Security: [max-age=631139040; includeSubdomains]
      Vary: [Accept-Encoding]
      X-Content-Type-Options: [nosniff]
      X-Download-Options: [noopen]
      X-Frame-Options: [sameorigin]
      X-Permitted-Cross-Domain-Policies: [none]
      X-Powered-By: [Phusion Passenger 4.0.53]
      X-Request-Id: [9950a9ea-82bc-47ae-80a4-120c0785f21e]
      X-Runtime: ['0.021816']
      X-XSS-Protection: [1; mode=block]
      content-length: ['385']
    status: {code: 200, message: OK}
- request:
    body: null
    headers:
      Accept: [application/json;version=2]
      Accept-Encoding: ['gzip, deflate']
      Connection: [keep-alive]
      Cookie: [_session_id=976ef8ee817e63658415e8de78f12542]
      User-Agent: ['apypie (https://github.com/Apipie/apypie)']
    method: GET
    uri: https://foreman.example.com/api/organizations?thin=True&search=name%3D%22Test+Organization%22&per_page=4294967296
  response:
    body: {string: "{\n  \"total\": 4,\n  \"subtotal\": 1,\n  \"page\": 1,\n  \"per_page\":
        4294967296,\n  \"search\": \"name=\\\"Test Organization\\\"\",\n  \"sort\":
        {\n    \"by\": null,\n    \"order\": null\n  },\n  \"results\": [{\"ancestry\":null,\"parent_id\":null,\"parent_name\":null,\"created_at\":\"2019-11-03
        21:10:09 UTC\",\"updated_at\":\"2019-11-03 21:10:09 UTC\",\"id\":18,\"name\":\"Test
        Organization\",\"title\":\"Test Organization\",\"description\":\"A test organization\"}]\n}\n"}
    headers:
      Cache-Control: ['max-age=0, private, must-revalidate']
      Connection: [Keep-Alive]
      Content-Security-Policy: ['default-src ''self''; child-src ''self''; connect-src
          ''self'' ws: wss:; img-src ''self'' data: *.gravatar.com; script-src ''unsafe-eval''
          ''unsafe-inline'' ''self''; style-src ''unsafe-inline'' ''self''']
      Content-Type: [application/json; charset=utf-8]
      Date: ['Sun, 03 Nov 2019 21:10:17 GMT']
      ETag: [W/"72acc26f7f0cdaaa353f9d53ecb07a5a-gzip"]
      Foreman_api_version: ['2']
      Foreman_current_location: [; ANY]
      Foreman_current_organization: [; ANY]
      Foreman_version: [1.25.0-develop]
      Keep-Alive: ['timeout=5, max=96']
      Server: [Apache]
      Status: [200 OK]
      Strict-Transport-Security: [max-age=631139040; includeSubdomains]
      Vary: [Accept-Encoding]
      X-Content-Type-Options: [nosniff]
      X-Download-Options: [noopen]
      X-Frame-Options: [sameorigin]
      X-Permitted-Cross-Domain-Policies: [none]
      X-Powered-By: [Phusion Passenger 4.0.53]
      X-Request-Id: [013cd436-bc88-4cd2-89ab-b8d8161cc6e6]
      X-Runtime: ['0.021475']
      X-XSS-Protection: [1; mode=block]
      content-length: ['413']
    status: {code: 200, message: OK}
version: 1
